Archive member included to satisfy reference by file (symbol)

F:/STM32CubeIDE/STM32CubeIDE_1.14.1/STM32CubeIDE/plugins/com.st.stm32cube.ide.mcu.externaltools.gnu-tools-for-stm32.12.3.rel1.win32_1.0.200.202406191623/tools/bin/../lib/gcc/arm-none-eabi/12.3.1/../../../../arm-none-eabi/lib/thumb/v7-m/nofp\libc_nano.a(libc_a-exit.o)
                              F:/STM32CubeIDE/STM32CubeIDE_1.14.1/STM32CubeIDE/plugins/com.st.stm32cube.ide.mcu.externaltools.gnu-tools-for-stm32.12.3.rel1.win32_1.0.200.202406191623/tools/bin/../lib/gcc/arm-none-eabi/12.3.1/../../../../arm-none-eabi/lib/thumb/v7-m/nofp/crt0.o (exit)
F:/STM32CubeIDE/STM32CubeIDE_1.14.1/STM32CubeIDE/plugins/com.st.stm32cube.ide.mcu.externaltools.gnu-tools-for-stm32.12.3.rel1.win32_1.0.200.202406191623/tools/bin/../lib/gcc/arm-none-eabi/12.3.1/../../../../arm-none-eabi/lib/thumb/v7-m/nofp\libc_nano.a(libc_a-findfp.o)
                              F:/STM32CubeIDE/STM32CubeIDE_1.14.1/STM32CubeIDE/plugins/com.st.stm32cube.ide.mcu.externaltools.gnu-tools-for-stm32.12.3.rel1.win32_1.0.200.202406191623/tools/bin/../lib/gcc/arm-none-eabi/12.3.1/../../../../arm-none-eabi/lib/thumb/v7-m/nofp\libc_nano.a(libc_a-exit.o) (__stdio_exit_handler)
F:/STM32CubeIDE/STM32CubeIDE_1.14.1/STM32CubeIDE/plugins/com.st.stm32cube.ide.mcu.externaltools.gnu-tools-for-stm32.12.3.rel1.win32_1.0.200.202406191623/tools/bin/../lib/gcc/arm-none-eabi/12.3.1/../../../../arm-none-eabi/lib/thumb/v7-m/nofp\libc_nano.a(libc_a-fwalk.o)
                              F:/STM32CubeIDE/STM32CubeIDE_1.14.1/STM32CubeIDE/plugins/com.st.stm32cube.ide.mcu.externaltools.gnu-tools-for-stm32.12.3.rel1.win32_1.0.200.202406191623/tools/bin/../lib/gcc/arm-none-eabi/12.3.1/../../../../arm-none-eabi/lib/thumb/v7-m/nofp\libc_nano.a(libc_a-findfp.o) (_fwalk_sglue)
F:/STM32CubeIDE/STM32CubeIDE_1.14.1/STM32CubeIDE/plugins/com.st.stm32cube.ide.mcu.externaltools.gnu-tools-for-stm32.12.3.rel1.win32_1.0.200.202406191623/tools/bin/../lib/gcc/arm-none-eabi/12.3.1/../../../../arm-none-eabi/lib/thumb/v7-m/nofp\libc_nano.a(libc_a-stdio.o)
                              F:/STM32CubeIDE/STM32CubeIDE_1.14.1/STM32CubeIDE/plugins/com.st.stm32cube.ide.mcu.externaltools.gnu-tools-for-stm32.12.3.rel1.win32_1.0.200.202406191623/tools/bin/../lib/gcc/arm-none-eabi/12.3.1/../../../../arm-none-eabi/lib/thumb/v7-m/nofp\libc_nano.a(libc_a-findfp.o) (__sread)
F:/STM32CubeIDE/STM32CubeIDE_1.14.1/STM32CubeIDE/plugins/com.st.stm32cube.ide.mcu.externaltools.gnu-tools-for-stm32.12.3.rel1.win32_1.0.200.202406191623/tools/bin/../lib/gcc/arm-none-eabi/12.3.1/../../../../arm-none-eabi/lib/thumb/v7-m/nofp\libc_nano.a(libc_a-vsnprintf.o)
                              ./Core/Src/main.o (vsnprintf)
F:/STM32CubeIDE/STM32CubeIDE_1.14.1/STM32CubeIDE/plugins/com.st.stm32cube.ide.mcu.externaltools.gnu-tools-for-stm32.12.3.rel1.win32_1.0.200.202406191623/tools/bin/../lib/gcc/arm-none-eabi/12.3.1/../../../../arm-none-eabi/lib/thumb/v7-m/nofp\libc_nano.a(libc_a-memset.o)
                              F:/STM32CubeIDE/STM32CubeIDE_1.14.1/STM32CubeIDE/plugins/com.st.stm32cube.ide.mcu.externaltools.gnu-tools-for-stm32.12.3.rel1.win32_1.0.200.202406191623/tools/bin/../lib/gcc/arm-none-eabi/12.3.1/../../../../arm-none-eabi/lib/thumb/v7-m/nofp/crt0.o (memset)
F:/STM32CubeIDE/STM32CubeIDE_1.14.1/STM32CubeIDE/plugins/com.st.stm32cube.ide.mcu.externaltools.gnu-tools-for-stm32.12.3.rel1.win32_1.0.200.202406191623/tools/bin/../lib/gcc/arm-none-eabi/12.3.1/../../../../arm-none-eabi/lib/thumb/v7-m/nofp\libc_nano.a(libc_a-closer.o)
                              F:/STM32CubeIDE/STM32CubeIDE_1.14.1/STM32CubeIDE/plugins/com.st.stm32cube.ide.mcu.externaltools.gnu-tools-for-stm32.12.3.rel1.win32_1.0.200.202406191623/tools/bin/../lib/gcc/arm-none-eabi/12.3.1/../../../../arm-none-eabi/lib/thumb/v7-m/nofp\libc_nano.a(libc_a-stdio.o) (_close_r)
F:/STM32CubeIDE/STM32CubeIDE_1.14.1/STM32CubeIDE/plugins/com.st.stm32cube.ide.mcu.externaltools.gnu-tools-for-stm32.12.3.rel1.win32_1.0.200.202406191623/tools/bin/../lib/gcc/arm-none-eabi/12.3.1/../../../../arm-none-eabi/lib/thumb/v7-m/nofp\libc_nano.a(libc_a-reent.o)
                              F:/STM32CubeIDE/STM32CubeIDE_1.14.1/STM32CubeIDE/plugins/com.st.stm32cube.ide.mcu.externaltools.gnu-tools-for-stm32.12.3.rel1.win32_1.0.200.202406191623/tools/bin/../lib/gcc/arm-none-eabi/12.3.1/../../../../arm-none-eabi/lib/thumb/v7-m/nofp\libc_nano.a(libc_a-closer.o) (errno)
F:/STM32CubeIDE/STM32CubeIDE_1.14.1/STM32CubeIDE/plugins/com.st.stm32cube.ide.mcu.externaltools.gnu-tools-for-stm32.12.3.rel1.win32_1.0.200.202406191623/tools/bin/../lib/gcc/arm-none-eabi/12.3.1/../../../../arm-none-eabi/lib/thumb/v7-m/nofp\libc_nano.a(libc_a-impure.o)
[...]
Memory Configuration

Name             Origin             Length             Attributes
RAM              0x20000000         0x00005000         xrw
FLASH            0x08000000         0x00010000         xr
*default*        0x00000000         0xffffffff

Linker script and memory map

LOAD F:/STM32CubeIDE/STM32CubeIDE_1.14.1/STM32CubeIDE/plugins/com.st.stm32cube.ide.mcu.externaltools.gnu-tools-for-stm32.12.3.rel1.win32_1.0.200.202406191623/tools/bin/../lib/gcc/arm-none-eabi/12.3.1/thumb/v7-m/nofp/crti.o
LOAD F:/STM32CubeIDE/STM32CubeIDE_1.14.1/STM32CubeIDE/plugins/com.st.stm32cube.ide.mcu.externaltools.gnu-tools-for-stm32.12.3.rel1.win32_1.0.200.202406191623/tools/bin/../lib/gcc/arm-none-eabi/12.3.1/thumb/v7-m/nofp/crtbegin.o
LOAD F:/STM32CubeIDE/STM32CubeIDE_1.14.1/STM32CubeIDE/plugins/com.st.stm32cube.ide.mcu.externaltools.gnu-tools-for-stm32.12.3.rel1.win32_1.0.200.202406191623/tools/bin/../lib/gcc/arm-none-eabi/12.3.1/../../../../arm-none-eabi/lib/thumb/v7-m/nofp/crt0.o
LOAD ./Core/Src/main.o
LOAD ./Core/Src/stm32f1xx_it.o
LOAD ./Core/Src/syscalls.o
LOAD ./Core/Src/sysmem.o
LOAD ./Core/Src/system_stm32f1xx.o
LOAD ./Core/Startup/startup_stm32f103c8tx.o
LOAD ./Drivers/STM32F1xx_HAL_Driver/Src/stm32f1xx_ll_dma.o
LOAD ./Drivers/STM32F1xx_HAL_Driver/Src/stm32f1xx_ll_exti.o
LOAD ./Drivers/STM32F1xx_HAL_Driver/Src/stm32f1xx_ll_gpio.o
LOAD ./Drivers/STM32F1xx_HAL_Driver/Src/stm32f1xx_ll_pwr.o
LOAD ./Drivers/STM32F1xx_HAL_Driver/Src/stm32f1xx_ll_rcc.o
LOAD ./Drivers/STM32F1xx_HAL_Driver/Src/stm32f1xx_ll_usart.o
LOAD ./Drivers/STM32F1xx_HAL_Driver/Src/stm32f1xx_ll_utils.o
START GROUP
LOAD F:/STM32CubeIDE/STM32CubeIDE_1.14.1/STM32CubeIDE/plugins/com.st.stm32cube.ide.mcu.externaltools.gnu-tools-for-stm32.12.3.rel1.win32_1.0.200.202406191623/tools/bin/../lib/gcc/arm-none-eabi/12.3.1/../../../../arm-none-eabi/lib/thumb/v7-m/nofp\libc_nano.a
LOAD F:/STM32CubeIDE/STM32CubeIDE_1.14.1/STM32CubeIDE/plugins/com.st.stm32cube.ide.mcu.externaltools.gnu-tools-for-stm32.12.3.rel1.win32_1.0.200.202406191623/tools/bin/../lib/gcc/arm-none-eabi/12.3.1/../../../../arm-none-eabi/lib/thumb/v7-m/nofp\libm.a
END GROUP
START GROUP
LOAD F:/STM32CubeIDE/STM32CubeIDE_1.14.1/STM32CubeIDE/plugins/com.st.stm32cube.ide.mcu.externaltools.gnu-tools-for-stm32.12.3.rel1.win32_1.0.200.202406191623/tools/bin/../lib/gcc/arm-none-eabi/12.3.1/thumb/v7-m/nofp\libgcc.a
LOAD F:/STM32CubeIDE/STM32CubeIDE_1.14.1/STM32CubeIDE/plugins/com.st.stm32cube.ide.mcu.externaltools.gnu-tools-for-stm32.12.3.rel1.win32_1.0.200.202406191623/tools/bin/../lib/gcc/arm-none-eabi/12.3.1/../../../../arm-none-eabi/lib/thumb/v7-m/nofp\libc_nano.a
END GROUP
START GROUP
LOAD F:/STM32CubeIDE/STM32CubeIDE_1.14.1/STM32CubeIDE/plugins/com.st.stm32cube.ide.mcu.externaltools.gnu-tools-for-stm32.12.3.rel1.win32_1.0.200.202406191623/tools/bin/../lib/gcc/arm-none-eabi/12.3.1/thumb/v7-m/nofp\libgcc.a
LOAD F:/STM32CubeIDE/STM32CubeIDE_1.14.1/STM32CubeIDE/plugins/com.st.stm32cube.ide.mcu.externaltools.gnu-tools-for-stm32.12.3.rel1.win32_1.0.200.202406191623/tools/bin/../lib/gcc/arm-none-eabi/12.3.1/../../../../arm-none-eabi/lib/thumb/v7-m/nofp\libc_nano.a
LOAD F:/STM32CubeIDE/STM32CubeIDE_1.14.1/STM32CubeIDE/plugins/com.st.stm32cube.ide.mcu.externaltools.gnu-tools-for-stm32.12.3.rel1.win32_1.0.200.202406191623/tools/bin/../lib/gcc/arm-none-eabi/12.3.1/../../../../arm-none-eabi/lib/thumb/v7-m/nofp\libnosys.a
END GROUP
START GROUP
LOAD F:/STM32CubeIDE/STM32CubeIDE_1.14.1/STM32CubeIDE/plugins/com.st.stm32cube.ide.mcu.externaltools.gnu-tools-for-stm32.12.3.rel1.win32_1.0.200.202406191623/tools/bin/../lib/gcc/arm-none-eabi/12.3.1/thumb/v7-m/nofp\libgcc.a
LOAD F:/STM32CubeIDE/STM32CubeIDE_1.14.1/STM32CubeIDE/plugins/com.st.stm32cube.ide.mcu.externaltools.gnu-tools-for-stm32.12.3.rel1.win32_1.0.200.202406191623/tools/bin/../lib/gcc/arm-none-eabi/12.3.1/../../../../arm-none-eabi/lib/thumb/v7-m/nofp\libc_nano.a
LOAD F:/STM32CubeIDE/STM32CubeIDE_1.14.1/STM32CubeIDE/plugins/com.st.stm32cube.ide.mcu.externaltools.gnu-tools-for-stm32.12.3.rel1.win32_1.0.200.202406191623/tools/bin/../lib/gcc/arm-none-eabi/12.3.1/../../../../arm-none-eabi/lib/thumb/v7-m/nofp\libnosys.a
END GROUP
LOAD F:/STM32CubeIDE/STM32CubeIDE_1.14.1/STM32CubeIDE/plugins/com.st.stm32cube.ide.mcu.externaltools.gnu-tools-for-stm32.12.3.rel1.win32_1.0.200.202406191623/tools/bin/../lib/gcc/arm-none-eabi/12.3.1/thumb/v7-m/nofp/crtend.o
LOAD F:/STM32CubeIDE/STM32CubeIDE_1.14.1/STM32CubeIDE/plugins/com.st.stm32cube.ide.mcu.externaltools.gnu-tools-for-stm32.12.3.rel1.win32_1.0.200.202406191623/tools/bin/../lib/gcc/arm-none-eabi/12.3.1/thumb/v7-m/nofp/crtn.o
                0x20005000                        _estack = (ORIGIN (RAM) + LENGTH (RAM))
                0x00000200                        _Min_Heap_Size = 0x200
                0x00000400                        _Min_Stack_Size = 0x400

.isr_vector     0x08000000      0x10c
                0x08000000                        . = ALIGN (0x4)
 *(.isr_vector)
 .isr_vector    0x08000000      0x10c ./Core/Startup/startup_stm32f103c8tx.o
                0x08000000                g_pfnVectors
                0x0800010c                        . = ALIGN (0x4)

.text           0x0800010c     0x129c
                0x0800010c                        . = ALIGN (0x4)
 *(.text)
 .text          0x0800010c       0x40 F:/STM32CubeIDE/STM32CubeIDE_1.14.1/STM32CubeIDE/plugins/com.st.stm32cube.ide.mcu.externaltools.gnu-tools-for-stm32.12.3.rel1.win32_1.0.200.202406191623/tools/bin/../lib/gcc/arm-none-eabi/12.3.1/thumb/v7-m/nofp/crtbegin.o
 .text          0x0800014c       0x10 F:/STM32CubeIDE/STM32CubeIDE_1.14.1/STM32CubeIDE/plugins/com.st.stm32cube.ide.mcu.externaltools.gnu-tools-for-stm32.12.3.rel1.win32_1.0.200.202406191623/tools/bin/../lib/gcc/arm-none-eabi/12.3.1/../../../../arm-none-eabi/lib/thumb/v7-m/nofp\libc_nano.a(libc_a-strlen.o)
                0x0800014c                strlen
 *(.text*)
 .text.__NVIC_SetPriorityGrouping
                0x0800015c       0x48 ./Core/Src/main.o
 .text.__NVIC_GetPriorityGrouping
                0x080001a4       0x1c ./Core/Src/main.o
 .text.__NVIC_EnableIRQ
                0x080001c0       0x38 ./Core/Src/main.o
 .text.__NVIC_SetPriority
                0x080001f8       0x54 ./Core/Src/main.o
 .text.NVIC_EncodePriority
                0x0800024c       0x64 ./Core/Src/main.o
 .text.LL_RCC_HSI_Enable
                0x080002b0       0x1c ./Core/Src/main.o
 .text.LL_RCC_HSI_IsReady
                0x080002cc       0x24 ./Core/Src/main.o
 .text.LL_RCC_HSI_SetCalibTrimming
                0x080002f0       0x28 ./Core/Src/main.o
 .text.LL_RCC_SetSysClkSource
                0x08000318       0x28 ./Core/Src/main.o
 .text.LL_RCC_GetSysClkSource
                0x08000340       0x18 ./Core/Src/main.o
 .text.LL_RCC_SetAHBPrescaler
                0x08000358       0x28 ./Core/Src/main.o
 .text.LL_RCC_SetAPB1Prescaler
                0x08000380       0x28 ./Core/Src/main.o
 .text.LL_RCC_SetAPB2Prescaler
                0x080003a8       0x28 ./Core/Src/main.o
 .text.LL_RCC_PLL_Enable
                0x080003d0       0x1c ./Core/Src/main.o
 .text.LL_RCC_PLL_IsReady
                0x080003ec       0x24 ./Core/Src/main.o
 .text.LL_RCC_PLL_ConfigDomain_SYS
                0x08000410       0x30 ./Core/Src/main.o
 .text.LL_APB1_GRP1_EnableClock
                0x08000440       0x30 ./Core/Src/main.o
 .text.LL_APB2_GRP1_EnableClock
                0x08000470       0x30 ./Core/Src/main.o
 .text.LL_FLASH_SetLatency
                0x080004a0       0x28 ./Core/Src/main.o
 .text.LL_FLASH_GetLatency
                0x080004c8       0x18 ./Core/Src/main.o
 .text.LL_USART_Enable
                0x080004e0       0x1e ./Core/Src/main.o
 .text.LL_USART_ConfigAsyncMode
                0x080004fe       0x2a ./Core/Src/main.o
 .text.LL_USART_IsActiveFlag_TC
                0x08000528       0x24 ./Core/Src/main.o
 .text.LL_USART_IsActiveFlag_TXE
                0x0800054c       0x24 ./Core/Src/main.o
 .text.LL_USART_TransmitData8
                0x08000570       0x1c ./Core/Src/main.o
 .text.LL_GPIO_SetOutputPin
                0x0800058c       0x1e ./Core/Src/main.o
 .text.LL_GPIO_ResetOutputPin
                0x080005aa       0x1e ./Core/Src/main.o
 .text.LL_GPIO_TogglePin
                0x080005c8       0x38 ./Core/Src/main.o
 .text.LL_GPIO_AF_Remap_SWJ_NOJTAG
                0x08000600       0x20 ./Core/Src/main.o
 .text.uart_print
                0x08000620       0x60 ./Core/Src/main.o
                0x08000620                uart_print
 .text.main     0x08000680       0xb4 ./Core/Src/main.o
                0x08000680                main
 .text.SystemClock_Config
                0x08000734       0x7c ./Core/Src/main.o
                0x08000734                SystemClock_Config
 .text.MX_USART1_UART_Init
                0x080007b0       0xb0 ./Core/Src/main.o
 .text.MX_GPIO_Init
                0x08000860       0x88 ./Core/Src/main.o
 .text.i2c_I2C1_GPIO_config
                0x080008e8       0x44 ./Core/Src/main.o
                0x080008e8                i2c_I2C1_GPIO_config
 .text.i2c_I2C1_config
                0x0800092c       0x64 ./Core/Src/main.o
                0x0800092c                i2c_I2C1_config
 .text.I2C1_EV_IRQHandler
                0x08000990       0xac ./Core/Src/main.o
                0x08000990                I2C1_EV_IRQHandler
 .text.i2c_I2C1_masterTransmit
                0x08000a3c      0x150 ./Core/Src/main.o
                0x08000a3c                i2c_I2C1_masterTransmit
 .text.NMI_Handler
                0x08000b8c        0x8 ./Core/Src/stm32f1xx_it.o
                0x08000b8c                NMI_Handler
 .text.HardFault_Handler
                0x08000b94        0x8 ./Core/Src/stm32f1xx_it.o
                0x08000b94                HardFault_Handler
 .text.MemManage_Handler
                0x08000b9c        0x8 ./Core/Src/stm32f1xx_it.o
                0x08000b9c                MemManage_Handler
 .text.BusFault_Handler
                0x08000ba4        0x8 ./Core/Src/stm32f1xx_it.o
                0x08000ba4                BusFault_Handler
 .text.UsageFault_Handler
                0x08000bac        0x8 ./Core/Src/stm32f1xx_it.o
                0x08000bac                UsageFault_Handler
 .text.SVC_Handler
                0x08000bb4        0xc ./Core/Src/stm32f1xx_it.o
                0x08000bb4                SVC_Handler
 .text.DebugMon_Handler
                0x08000bc0        0xc ./Core/Src/stm32f1xx_it.o
                0x08000bc0                DebugMon_Handler
 .text.PendSV_Handler
                0x08000bcc        0xc ./Core/Src/stm32f1xx_it.o
                0x08000bcc                PendSV_Handler
 .text.SysTick_Handler
                0x08000bd8        0xc ./Core/Src/stm32f1xx_it.o
                0x08000bd8                SysTick_Handler
 .text.I2C1_ER_IRQHandler
                0x08000be4        0xc ./Core/Src/stm32f1xx_it.o
                0x08000be4                I2C1_ER_IRQHandler
 .text.SystemInit
                0x08000bf0        0xc ./Core/Src/system_stm32f1xx.o
                0x08000bf0                SystemInit
 .text.Reset_Handler
                0x08000bfc       0x48 ./Core/Startup/startup_stm32f103c8tx.o
                0x08000bfc                Reset_Handler
 .text.Default_Handler
                0x08000c44        0x2 ./Core/Startup/startup_stm32f103c8tx.o
                0x08000c44                RTC_Alarm_IRQHandler
                0x08000c44                EXTI2_IRQHandler
                0x08000c44                TIM1_CC_IRQHandler
                0x08000c44                PVD_IRQHandler
                0x08000c44                EXTI3_IRQHandler
                0x08000c44                EXTI0_IRQHandler
                0x08000c44                I2C2_EV_IRQHandler
                0x08000c44                ADC1_2_IRQHandler
                0x08000c44                SPI1_IRQHandler
                0x08000c44                TAMPER_IRQHandler
                0x08000c44                DMA1_Channel4_IRQHandler
                0x08000c44                USART3_IRQHandler
                0x08000c44                RTC_IRQHandler
                0x08000c44                DMA1_Channel7_IRQHandler
                0x08000c44                CAN1_RX1_IRQHandler
                0x08000c44                TIM4_IRQHandler
                0x08000c44                DMA1_Channel6_IRQHandler
                0x08000c44                TIM3_IRQHandler
                0x08000c44                RCC_IRQHandler
                0x08000c44                TIM1_TRG_COM_IRQHandler
                0x08000c44                DMA1_Channel1_IRQHandler
                0x08000c44                Default_Handler
                0x08000c44                EXTI15_10_IRQHandler
                0x08000c44                EXTI9_5_IRQHandler
                0x08000c44                SPI2_IRQHandler
                0x08000c44                DMA1_Channel5_IRQHandler
                0x08000c44                EXTI4_IRQHandler
                0x08000c44                USB_LP_CAN1_RX0_IRQHandler
                0x08000c44                USB_HP_CAN1_TX_IRQHandler
                0x08000c44                DMA1_Channel3_IRQHandler
                0x08000c44                TIM1_UP_IRQHandler
                0x08000c44                WWDG_IRQHandler
                0x08000c44                TIM2_IRQHandler
                0x08000c44                TIM1_BRK_IRQHandler
                0x08000c44                EXTI1_IRQHandler
                0x08000c44                USART2_IRQHandler
                0x08000c44                I2C2_ER_IRQHandler
                0x08000c44                DMA1_Channel2_IRQHandler
                0x08000c44                CAN1_SCE_IRQHandler
                0x08000c44                FLASH_IRQHandler
                0x08000c44                USART1_IRQHandler
                0x08000c44                USBWakeUp_IRQHandler
 .text.LL_GPIO_SetPinMode
                0x08000c46       0x64 ./Drivers/STM32F1xx_HAL_Driver/Src/stm32f1xx_ll_gpio.o
 .text.LL_GPIO_SetPinSpeed
                0x08000caa       0x64 ./Drivers/STM32F1xx_HAL_Driver/Src/stm32f1xx_ll_gpio.o
 .text.LL_GPIO_SetPinOutputType
                0x08000d0e       0x64 ./Drivers/STM32F1xx_HAL_Driver/Src/stm32f1xx_ll_gpio.o
 .text.LL_GPIO_SetPinPull
                0x08000d72       0x44 ./Drivers/STM32F1xx_HAL_Driver/Src/stm32f1xx_ll_gpio.o
 .text.LL_GPIO_Init
                0x08000db6       0xcc ./Drivers/STM32F1xx_HAL_Driver/Src/stm32f1xx_ll_gpio.o
                0x08000db6                LL_GPIO_Init
 *fill*         0x08000e82        0x2 
 .text.LL_RCC_GetSysClkSource
                0x08000e84       0x18 ./Drivers/STM32F1xx_HAL_Driver/Src/stm32f1xx_ll_rcc.o
 .text.LL_RCC_GetAHBPrescaler
                0x08000e9c       0x18 ./Drivers/STM32F1xx_HAL_Driver/Src/stm32f1xx_ll_rcc.o
 .text.LL_RCC_GetAPB1Prescaler
                0x08000eb4       0x18 ./Drivers/STM32F1xx_HAL_Driver/Src/stm32f1xx_ll_rcc.o
 .text.LL_RCC_GetAPB2Prescaler
                0x08000ecc       0x18 ./Drivers/STM32F1xx_HAL_Driver/Src/stm32f1xx_ll_rcc.o
 .text.LL_RCC_PLL_GetMainSource
                0x08000ee4       0x18 ./Drivers/STM32F1xx_HAL_Driver/Src/stm32f1xx_ll_rcc.o
 .text.LL_RCC_PLL_GetMultiplicator
                0x08000efc       0x18 ./Drivers/STM32F1xx_HAL_Driver/Src/stm32f1xx_ll_rcc.o
 .text.LL_RCC_PLL_GetPrediv
                0x08000f14       0x1c ./Drivers/STM32F1xx_HAL_Driver/Src/stm32f1xx_ll_rcc.o
 .text.LL_RCC_GetSystemClocksFreq
                0x08000f30       0x4a ./Drivers/STM32F1xx_HAL_Driver/Src/stm32f1xx_ll_rcc.o
                0x08000f30                LL_RCC_GetSystemClocksFreq
 *fill*         0x08000f7a        0x2 
 .text.RCC_GetSystemClockFreq
                0x08000f7c       0x4c ./Drivers/STM32F1xx_HAL_Driver/Src/stm32f1xx_ll_rcc.o
                0x08000f7c                RCC_GetSystemClockFreq
 .text.RCC_GetHCLKClockFreq
                0x08000fc8       0x2c ./Drivers/STM32F1xx_HAL_Driver/Src/stm32f1xx_ll_rcc.o
                0x08000fc8                RCC_GetHCLKClockFreq
 .text.RCC_GetPCLK1ClockFreq
                0x08000ff4       0x28 ./Drivers/STM32F1xx_HAL_Driver/Src/stm32f1xx_ll_rcc.o
                0x08000ff4                RCC_GetPCLK1ClockFreq
 .text.RCC_GetPCLK2ClockFreq
                0x0800101c       0x28 ./Drivers/STM32F1xx_HAL_Driver/Src/stm32f1xx_ll_rcc.o
                0x0800101c                RCC_GetPCLK2ClockFreq
 .text.RCC_PLL_GetFreqDomain_SYS
                0x08001044       0x64 ./Drivers/STM32F1xx_HAL_Driver/Src/stm32f1xx_ll_rcc.o
                0x08001044                RCC_PLL_GetFreqDomain_SYS
 .text.LL_USART_IsEnabled
                0x080010a8       0x26 ./Drivers/STM32F1xx_HAL_Driver/Src/stm32f1xx_ll_usart.o
 .text.LL_USART_SetStopBitsLength
                0x080010ce       0x24 ./Drivers/STM32F1xx_HAL_Driver/Src/stm32f1xx_ll_usart.o
 .text.LL_USART_SetHWFlowCtrl
                0x080010f2       0x24 ./Drivers/STM32F1xx_HAL_Driver/Src/stm32f1xx_ll_usart.o
 *fill*         0x08001116        0x2 
 .text.LL_USART_SetBaudRate
                0x08001118       0xbc ./Drivers/STM32F1xx_HAL_Driver/Src/stm32f1xx_ll_usart.o
 .text.LL_USART_Init
                0x080011d4       0xc0 ./Drivers/STM32F1xx_HAL_Driver/Src/stm32f1xx_ll_usart.o
                0x080011d4                LL_USART_Init
 .text.LL_InitTick
                0x08001294       0x34 ./Drivers/STM32F1xx_HAL_Driver/Src/stm32f1xx_ll_utils.o
 .text.LL_Init1msTick
                0x080012c8       0x1a ./Drivers/STM32F1xx_HAL_Driver/Src/stm32f1xx_ll_utils.o
                0x080012c8                LL_Init1msTick
 *fill*         0x080012e2        0x2 
 .text.LL_mDelay
                0x080012e4       0x48 ./Drivers/STM32F1xx_HAL_Driver/Src/stm32f1xx_ll_utils.o
                0x080012e4                LL_mDelay
 .text.LL_SetSystemCoreClock
                0x0800132c       0x1c ./Drivers/STM32F1xx_HAL_Driver/Src/stm32f1xx_ll_utils.o
                0x0800132c                LL_SetSystemCoreClock
 .text.__libc_init_array
                0x08001348       0x48 F:/STM32CubeIDE/STM32CubeIDE_1.14.1/STM32CubeIDE/plugins/com.st.stm32cube.ide.mcu.externaltools.gnu-tools-for-stm32.12.3.rel1.win32_1.0.200.202406191623/tools/bin/../lib/gcc/arm-none-eabi/12.3.1/../../../../arm-none-eabi/lib/thumb/v7-m/nofp\libc_nano.a(libc_a-init.o)
                0x08001348                __libc_init_array
 *(.glue_7)
 .glue_7        0x08001390        0x0 linker stubs
 *(.glue_7t)
 .glue_7t       0x08001390        0x0 linker stubs
 *(.eh_frame)
 .eh_frame      0x08001390        0x0 F:/STM32CubeIDE/STM32CubeIDE_1.14.1/STM32CubeIDE/plugins/com.st.stm32cube.ide.mcu.externaltools.gnu-tools-for-stm32.12.3.rel1.win32_1.0.200.202406191623/tools/bin/../lib/gcc/arm-none-eabi/12.3.1/thumb/v7-m/nofp/crtbegin.o
 *(.init)
 .init          0x08001390        0x4 F:/STM32CubeIDE/STM32CubeIDE_1.14.1/STM32CubeIDE/plugins/com.st.stm32cube.ide.mcu.externaltools.gnu-tools-for-stm32.12.3.rel1.win32_1.0.200.202406191623/tools/bin/../lib/gcc/arm-none-eabi/12.3.1/thumb/v7-m/nofp/crti.o
                0x08001390                _init
 .init          0x08001394        0x8 F:/STM32CubeIDE/STM32CubeIDE_1.14.1/STM32CubeIDE/plugins/com.st.stm32cube.ide.mcu.externaltools.gnu-tools-for-stm32.12.3.rel1.win32_1.0.200.202406191623/tools/bin/../lib/gcc/arm-none-eabi/12.3.1/thumb/v7-m/nofp/crtn.o
 *(.fini)
 .fini          0x0800139c        0x4 F:/STM32CubeIDE/STM32CubeIDE_1.14.1/STM32CubeIDE/plugins/com.st.stm32cube.ide.mcu.externaltools.gnu-tools-for-stm32.12.3.rel1.win32_1.0.200.202406191623/tools/bin/../lib/gcc/arm-none-eabi/12.3.1/thumb/v7-m/nofp/crti.o
                0x0800139c                _fini
 .fini          0x080013a0        0x8 F:/STM32CubeIDE/STM32CubeIDE_1.14.1/STM32CubeIDE/plugins/com.st.stm32cube.ide.mcu.externaltools.gnu-tools-for-stm32.12.3.rel1.win32_1.0.200.202406191623/tools/bin/../lib/gcc/arm-none-eabi/12.3.1/thumb/v7-m/nofp/crtn.o
                0x080013a8                        . = ALIGN (0x4)
                0x080013a8                        _etext = .

.vfp11_veneer   0x080013a8        0x0
 .vfp11_veneer  0x080013a8        0x0 linker stubs

.v4_bx          0x080013a8        0x0
 .v4_bx         0x080013a8        0x0 linker stubs

.iplt           0x080013a8        0x0
 .iplt          0x080013a8        0x0 F:/STM32CubeIDE/STM32CubeIDE_1.14.1/STM32CubeIDE/plugins/com.st.stm32cube.ide.mcu.externaltools.gnu-tools-for-stm32.12.3.rel1.win32_1.0.200.202406191623/tools/bin/../lib/gcc/arm-none-eabi/12.3.1/thumb/v7-m/nofp/crtbegin.o

.rodata         0x080013a8       0x2c
                0x080013a8                        . = ALIGN (0x4)
 *(.rodata)
 .rodata        0x080013a8       0x14 ./Core/Src/main.o
 *(.rodata*)
 .rodata.AHBPrescTable
                0x080013bc       0x10 ./Core/Src/system_stm32f1xx.o
                0x080013bc                AHBPrescTable
 .rodata.APBPrescTable
                0x080013cc        0x8 ./Core/Src/system_stm32f1xx.o
                0x080013cc                APBPrescTable
                0x080013d4                        . = ALIGN (0x4)

.ARM.extab      0x080013d4        0x0
                0x080013d4                        . = ALIGN (0x4)
 *(.ARM.extab* .gnu.linkonce.armextab.*)
                0x080013d4                        . = ALIGN (0x4)

.ARM            0x080013d4        0x8
                0x080013d4                        . = ALIGN (0x4)
                0x080013d4                        __exidx_start = .
 *(.ARM.exidx*)
 .ARM.exidx     0x080013d4        0x8 F:/STM32CubeIDE/STM32CubeIDE_1.14.1/STM32CubeIDE/plugins/com.st.stm32cube.ide.mcu.externaltools.gnu-tools-for-stm32.12.3.rel1.win32_1.0.200.202406191623/tools/bin/../lib/gcc/arm-none-eabi/12.3.1/../../../../arm-none-eabi/lib/thumb/v7-m/nofp\libc_nano.a(libc_a-strlen.o)
                0x080013dc                        __exidx_end = .
                0x080013dc                        . = ALIGN (0x4)

.preinit_array  0x080013dc        0x0
                0x080013dc                        . = ALIGN (0x4)
                0x080013dc                        PROVIDE (__preinit_array_start = .)
 *(.preinit_array*)
                0x080013dc                        PROVIDE (__preinit_array_end = .)
                0x080013dc                        . = ALIGN (0x4)

.init_array     0x080013dc        0x4
                0x080013dc                        . = ALIGN (0x4)
                0x080013dc                        PROVIDE (__init_array_start = .)
 *(SORT_BY_NAME(.init_array.*))
 *(.init_array*)
 .init_array    0x080013dc        0x4 F:/STM32CubeIDE/STM32CubeIDE_1.14.1/STM32CubeIDE/plugins/com.st.stm32cube.ide.mcu.externaltools.gnu-tools-for-stm32.12.3.rel1.win32_1.0.200.202406191623/tools/bin/../lib/gcc/arm-none-eabi/12.3.1/thumb/v7-m/nofp/crtbegin.o
                0x080013e0                        PROVIDE (__init_array_end = .)
                0x080013e0                        . = ALIGN (0x4)

.fini_array     0x080013e0        0x4
                0x080013e0                        . = ALIGN (0x4)
                [!provide]                        PROVIDE (__fini_array_start = .)
 *(SORT_BY_NAME(.fini_array.*))
 *(.fini_array*)
 .fini_array    0x080013e0        0x4 F:/STM32CubeIDE/STM32CubeIDE_1.14.1/STM32CubeIDE/plugins/com.st.stm32cube.ide.mcu.externaltools.gnu-tools-for-stm32.12.3.rel1.win32_1.0.200.202406191623/tools/bin/../lib/gcc/arm-none-eabi/12.3.1/thumb/v7-m/nofp/crtbegin.o
                [!provide]                        PROVIDE (__fini_array_end = .)
                0x080013e4                        . = ALIGN (0x4)
                0x080013e4                        _sidata = LOADADDR (.data)

.rel.dyn        0x080013e4        0x0
 .rel.iplt      0x080013e4        0x0 F:/STM32CubeIDE/STM32CubeIDE_1.14.1/STM32CubeIDE/plugins/com.st.stm32cube.ide.mcu.externaltools.gnu-tools-for-stm32.12.3.rel1.win32_1.0.200.202406191623/tools/bin/../lib/gcc/arm-none-eabi/12.3.1/thumb/v7-m/nofp/crtbegin.o

.data           0x20000000        0x4 load address 0x080013e4
                0x20000000                        . = ALIGN (0x4)
                0x20000000                        _sdata = .
 *(.data)
 *(.data*)
 .data.SystemCoreClock
                0x20000000        0x4 ./Core/Src/system_stm32f1xx.o
                0x20000000                SystemCoreClock
 *(.RamFunc)
 *(.RamFunc*)
                0x20000004                        . = ALIGN (0x4)
                0x20000004                        _edata = .

.igot.plt       0x20000004        0x0 load address 0x080013e8
 .igot.plt      0x20000004        0x0 F:/STM32CubeIDE/STM32CubeIDE_1.14.1/STM32CubeIDE/plugins/com.st.stm32cube.ide.mcu.externaltools.gnu-tools-for-stm32.12.3.rel1.win32_1.0.200.202406191623/tools/bin/../lib/gcc/arm-none-eabi/12.3.1/thumb/v7-m/nofp/crtbegin.o
                0x20000004                        . = ALIGN (0x4)

.bss            0x20000004       0x28 load address 0x080013e8
                0x20000004                        _sbss = .
                0x20000004                        __bss_start__ = _sbss
 *(.bss)
 .bss           0x20000004       0x1c F:/STM32CubeIDE/STM32CubeIDE_1.14.1/STM32CubeIDE/plugins/com.st.stm32cube.ide.mcu.externaltools.gnu-tools-for-stm32.12.3.rel1.win32_1.0.200.202406191623/tools/bin/../lib/gcc/arm-none-eabi/12.3.1/thumb/v7-m/nofp/crtbegin.o
 *(.bss*)
 .bss.Address_slave
                0x20000020        0x1 ./Core/Src/main.o
                0x20000020                Address_slave
 .bss.reg_slave
                0x20000021        0x1 ./Core/Src/main.o
                0x20000021                reg_slave
 *fill*         0x20000022        0x2 
 .bss.tx_data   0x20000024        0x4 ./Core/Src/main.o
                0x20000024                tx_data
 .bss.tx_len    0x20000028        0x1 ./Core/Src/main.o
                0x20000028                tx_len
 .bss.tx_index  0x20000029        0x1 ./Core/Src/main.o
                0x20000029                tx_index
 *(COMMON)
                0x2000002c                        . = ALIGN (0x4)
 *fill*         0x2000002a        0x2 
                0x2000002c                        _ebss = .
                0x2000002c                        __bss_end__ = _ebss

._user_heap_stack
                0x2000002c      0x604 load address 0x080013e8
                0x20000030                        . = ALIGN (0x8)
 *fill*         0x2000002c        0x4 
                [!provide]                        PROVIDE (end = .)
                0x20000030                        PROVIDE (_end = .)
                0x20000230                        . = (. + _Min_Heap_Size)
 *fill*         0x20000030      0x200 
                0x20000630                        . = (. + _Min_Stack_Size)
 *fill*         0x20000230      0x400 
                0x20000630                        . = ALIGN (0x8)

/DISCARD/
 libc.a(*)
 libm.a(*)
 libgcc.a(*)

.ARM.attributes
                0x00000000       0x29
 *(.ARM.attributes)
 .ARM.attributes
                0x00000000       0x1d F:/STM32CubeIDE/STM32CubeIDE_1.14.1/STM32CubeIDE/plugins/com.st.stm32cube.ide.mcu.externaltools.gnu-tools-for-stm32.12.3.rel1.win32_1.0.200.202406191623/tools/bin/../lib/gcc/arm-none-eabi/12.3.1/thumb/v7-m/nofp/crti.o
 .ARM.attributes
                0x0000001d       0x2d F:/STM32CubeIDE/STM32CubeIDE_1.14.1/STM32CubeIDE/plugins/com.st.stm32cube.ide.mcu.externaltools.gnu-tools-for-stm32.12.3.rel1.win32_1.0.200.202406191623/tools/bin/../lib/gcc/arm-none-eabi/12.3.1/thumb/v7-m/nofp/crtbegin.o
 .ARM.attributes
                0x0000004a       0x2d ./Core/Src/main.o
 .ARM.attributes
                0x00000077       0x2d ./Core/Src/stm32f1xx_it.o
 .ARM.attributes
                0x000000a4       0x2d ./Core/Src/system_stm32f1xx.o
 .ARM.attributes
                0x000000d1       0x21 ./Core/Startup/startup_stm32f103c8tx.o
 .ARM.attributes
                0x000000f2       0x2d ./Drivers/STM32F1xx_HAL_Driver/Src/stm32f1xx_ll_gpio.o
 .ARM.attributes
                0x0000011f       0x2d ./Drivers/STM32F1xx_HAL_Driver/Src/stm32f1xx_ll_rcc.o
 .ARM.attributes
                0x0000014c       0x2d ./Drivers/STM32F1xx_HAL_Driver/Src/stm32f1xx_ll_usart.o
 .ARM.attributes
                0x00000179       0x2d ./Drivers/STM32F1xx_HAL_Driver/Src/stm32f1xx_ll_utils.o
 .ARM.attributes
                0x000001a6       0x2d F:/STM32CubeIDE/STM32CubeIDE_1.14.1/STM32CubeIDE/plugins/com.st.stm32cube.ide.mcu.externaltools.gnu-tools-for-stm32.12.3.rel1.win32_1.0.200.202406191623/tools/bin/../lib/gcc/arm-none-eabi/12.3.1/../../../../arm-none-eabi/lib/thumb/v7-m/nofp\libc_nano.a(libc_a-init.o)
 .ARM.attributes
                0x000001d3       0x17 F:/STM32CubeIDE/STM32CubeIDE_1.14.1/STM32CubeIDE/plugins/com.st.stm32cube.ide.mcu.externaltools.gnu-tools-for-stm32.12.3.rel1.win32_1.0.200.202406191623/tools/bin/../lib/gcc/arm-none-eabi/12.3.1/../../../../arm-none-eabi/lib/thumb/v7-m/nofp\libc_nano.a(libc_a-strlen.o)
 .ARM.attributes
                0x000001ea       0x1d F:/STM32CubeIDE/STM32CubeIDE_1.14.1/STM32CubeIDE/plugins/com.st.stm32cube.ide.mcu.externaltools.gnu-tools-for-stm32.12.3.rel1.win32_1.0.200.202406191623/tools/bin/../lib/gcc/arm-none-eabi/12.3.1/thumb/v7-m/nofp/crtn.o
OUTPUT(testI2C_CMSIS.elf elf32-littlearm)
LOAD linker stubs
LOAD F:/STM32CubeIDE/STM32CubeIDE_1.14.1/STM32CubeIDE/plugins/com.st.stm32cube.ide.mcu.externaltools.gnu-tools-for-stm32.12.3.rel1.win32_1.0.200.202406191623/tools/bin/../lib/gcc/arm-none-eabi/12.3.1/../../../../arm-none-eabi/lib/thumb/v7-m/nofp\libc.a
LOAD F:/STM32CubeIDE/STM32CubeIDE_1.14.1/STM32CubeIDE/plugins/com.st.stm32cube.ide.mcu.externaltools.gnu-tools-for-stm32.12.3.rel1.win32_1.0.200.202406191623/tools/bin/../lib/gcc/arm-none-eabi/12.3.1/../../../../arm-none-eabi/lib/thumb/v7-m/nofp\libm.a
LOAD F:/STM32CubeIDE/STM32CubeIDE_1.14.1/STM32CubeIDE/plugins/com.st.stm32cube.ide.mcu.externaltools.gnu-tools-for-stm32.12.3.rel1.win32_1.0.200.202406191623/tools/bin/../lib/gcc/arm-none-eabi/12.3.1/thumb/v7-m/nofp\libgcc.a

.debug_info     0x00000000     0x2f7d
 .debug_info    0x00000000     0x1355 ./Core/Src/main.o
 .debug_info    0x00001355      0x155 ./Core/Src/stm32f1xx_it.o
 .debug_info    0x000014aa      0x21b ./Core/Src/system_stm32f1xx.o
 .debug_info    0x000016c5       0x30 ./Core/Startup/startup_stm32f103c8tx.o
 .debug_info    0x000016f5      0x59a ./Drivers/STM32F1xx_HAL_Driver/Src/stm32f1xx_ll_gpio.o
 .debug_info    0x00001c8f      0x54b ./Drivers/STM32F1xx_HAL_Driver/Src/stm32f1xx_ll_rcc.o
 .debug_info    0x000021da      0x5c2 ./Drivers/STM32F1xx_HAL_Driver/Src/stm32f1xx_ll_usart.o
 .debug_info    0x0000279c      0x7e1 ./Drivers/STM32F1xx_HAL_Driver/Src/stm32f1xx_ll_utils.o

.debug_abbrev   0x00000000      0xe56
 .debug_abbrev  0x00000000      0x3de ./Core/Src/main.o
 .debug_abbrev  0x000003de       0x80 ./Core/Src/stm32f1xx_it.o
 .debug_abbrev  0x0000045e      0x13f ./Core/Src/system_stm32f1xx.o
 .debug_abbrev  0x0000059d       0x24 ./Core/Startup/startup_stm32f103c8tx.o
 .debug_abbrev  0x000005c1      0x20d ./Drivers/STM32F1xx_HAL_Driver/Src/stm32f1xx_ll_gpio.o
 .debug_abbrev  0x000007ce      0x273 ./Drivers/STM32F1xx_HAL_Driver/Src/stm32f1xx_ll_rcc.o
 .debug_abbrev  0x00000a41      0x1c7 ./Drivers/STM32F1xx_HAL_Driver/Src/stm32f1xx_ll_usart.o
 .debug_abbrev  0x00000c08      0x24e ./Drivers/STM32F1xx_HAL_Driver/Src/stm32f1xx_ll_utils.o

.debug_aranges  0x00000000      0x4e0
 .debug_aranges
                0x00000000      0x170 ./Core/Src/main.o
 .debug_aranges
                0x00000170       0x68 ./Core/Src/stm32f1xx_it.o
 .debug_aranges
                0x000001d8       0x28 ./Core/Src/system_stm32f1xx.o
 .debug_aranges
                0x00000200       0x28 ./Core/Startup/startup_stm32f103c8tx.o
 .debug_aranges
                0x00000228       0x60 ./Drivers/STM32F1xx_HAL_Driver/Src/stm32f1xx_ll_gpio.o
 .debug_aranges
                0x00000288       0xd8 ./Drivers/STM32F1xx_HAL_Driver/Src/stm32f1xx_ll_rcc.o
 .debug_aranges
                0x00000360       0x88 ./Drivers/STM32F1xx_HAL_Driver/Src/stm32f1xx_ll_usart.o
 .debug_aranges
                0x000003e8       0xf8 ./Drivers/STM32F1xx_HAL_Driver/Src/stm32f1xx_ll_utils.o

.debug_rnglists
                0x00000000      0x38f
 .debug_rnglists
                0x00000000      0x117 ./Core/Src/main.o
 .debug_rnglists
                0x00000117       0x49 ./Core/Src/stm32f1xx_it.o
 .debug_rnglists
                0x00000160       0x1a ./Core/Src/system_stm32f1xx.o
 .debug_rnglists
                0x0000017a       0x19 ./Core/Startup/startup_stm32f103c8tx.o
 .debug_rnglists
                0x00000193       0x45 ./Drivers/STM32F1xx_HAL_Driver/Src/stm32f1xx_ll_gpio.o
 .debug_rnglists
                0x000001d8       0x9d ./Drivers/STM32F1xx_HAL_Driver/Src/stm32f1xx_ll_rcc.o
 .debug_rnglists
                0x00000275       0x63 ./Drivers/STM32F1xx_HAL_Driver/Src/stm32f1xx_ll_usart.o
 .debug_rnglists
                0x000002d8       0xb7 ./Drivers/STM32F1xx_HAL_Driver/Src/stm32f1xx_ll_utils.o

.debug_macro    0x00000000    0x12548
 .debug_macro   0x00000000      0x23f ./Core/Src/main.o
 .debug_macro   0x0000023f      0xad8 ./Core/Src/main.o
 .debug_macro   0x00000d17       0x2e ./Core/Src/main.o
 .debug_macro   0x00000d45       0x22 ./Core/Src/main.o
 .debug_macro   0x00000d67       0x22 ./Core/Src/main.o
 .debug_macro   0x00000d89       0x8e ./Core/Src/main.o
 .debug_macro   0x00000e17       0x51 ./Core/Src/main.o
 .debug_macro   0x00000e68      0x103 ./Core/Src/main.o
 .debug_macro   0x00000f6b       0x6a ./Core/Src/main.o
 .debug_macro   0x00000fd5      0x1df ./Core/Src/main.o
 .debug_macro   0x000011b4       0x1c ./Core/Src/main.o
 .debug_macro   0x000011d0       0x22 ./Core/Src/main.o
 .debug_macro   0x000011f2       0xbd ./Core/Src/main.o
 .debug_macro   0x000012af      0xd23 ./Core/Src/main.o
 .debug_macro   0x00001fd2     0xe09e ./Core/Src/main.o
 .debug_macro   0x00010070       0x6d ./Core/Src/main.o
 .debug_macro   0x000100dd      0x2b8 ./Core/Src/main.o
 .debug_macro   0x00010395       0xd7 ./Core/Src/main.o
 .debug_macro   0x0001046c       0x74 ./Core/Src/main.o
 .debug_macro   0x000104e0       0xd0 ./Core/Src/main.o
 .debug_macro   0x000105b0       0x28 ./Core/Src/main.o
 .debug_macro   0x000105d8       0x2a ./Core/Src/main.o
 .debug_macro   0x00010602       0x90 ./Core/Src/main.o
 .debug_macro   0x00010692      0x287 ./Core/Src/main.o
 .debug_macro   0x00010919      0x1b4 ./Core/Src/main.o
 .debug_macro   0x00010acd      0x229 ./Core/Src/main.o
 .debug_macro   0x00010cf6       0x22 ./Core/Src/main.o
 .debug_macro   0x00010d18       0x22 ./Core/Src/main.o
 .debug_macro   0x00010d3a       0x61 ./Core/Src/main.o
 .debug_macro   0x00010d9b       0x24 ./Core/Src/main.o
 .debug_macro   0x00010dbf       0x43 ./Core/Src/main.o
 .debug_macro   0x00010e02       0x34 ./Core/Src/main.o
 .debug_macro   0x00010e36      0x189 ./Core/Src/main.o
 .debug_macro   0x00010fbf       0x16 ./Core/Src/main.o
 .debug_macro   0x00010fd5       0x43 ./Core/Src/main.o
 .debug_macro   0x00011018       0x34 ./Core/Src/main.o
 .debug_macro   0x0001104c       0x10 ./Core/Src/main.o
 .debug_macro   0x0001105c       0x58 ./Core/Src/main.o
 .debug_macro   0x000110b4       0x8e ./Core/Src/main.o
 .debug_macro   0x00011142       0x1c ./Core/Src/main.o
 .debug_macro   0x0001115e      0x177 ./Core/Src/main.o
 .debug_macro   0x000112d5      0x369 ./Core/Src/main.o
 .debug_macro   0x0001163e       0x10 ./Core/Src/main.o
 .debug_macro   0x0001164e       0x35 ./Core/Src/main.o
 .debug_macro   0x00011683       0x20 ./Core/Src/main.o
 .debug_macro   0x000116a3       0x58 ./Core/Src/main.o
 .debug_macro   0x000116fb       0x1c ./Core/Src/main.o
 .debug_macro   0x00011717       0x1c ./Core/Src/main.o
 .debug_macro   0x00011733       0x16 ./Core/Src/main.o
 .debug_macro   0x00011749      0x146 ./Core/Src/main.o
 .debug_macro   0x0001188f      0x135 ./Core/Src/stm32f1xx_it.o
 .debug_macro   0x000119c4       0xbc ./Core/Src/system_stm32f1xx.o
 .debug_macro   0x00011a80       0xf8 ./Drivers/STM32F1xx_HAL_Driver/Src/stm32f1xx_ll_gpio.o
 .debug_macro   0x00011b78      0x223 ./Drivers/STM32F1xx_HAL_Driver/Src/stm32f1xx_ll_gpio.o
 .debug_macro   0x00011d9b       0xdd ./Drivers/STM32F1xx_HAL_Driver/Src/stm32f1xx_ll_rcc.o
 .debug_macro   0x00011e78      0x12b ./Drivers/STM32F1xx_HAL_Driver/Src/stm32f1xx_ll_usart.o
 .debug_macro   0x00011fa3      0x1ae ./Drivers/STM32F1xx_HAL_Driver/Src/stm32f1xx_ll_usart.o
 .debug_macro   0x00012151      0x2be ./Drivers/STM32F1xx_HAL_Driver/Src/stm32f1xx_ll_usart.o
 .debug_macro   0x0001240f      0x139 ./Drivers/STM32F1xx_HAL_Driver/Src/stm32f1xx_ll_utils.o

.debug_line     0x00000000     0x3fde
 .debug_line    0x00000000     0x128c ./Core/Src/main.o
 .debug_line    0x0000128c      0x6ca ./Core/Src/stm32f1xx_it.o
 .debug_line    0x00001956      0x560 ./Core/Src/system_stm32f1xx.o
 .debug_line    0x00001eb6       0x78 ./Core/Startup/startup_stm32f103c8tx.o
 .debug_line    0x00001f2e      0x76a ./Drivers/STM32F1xx_HAL_Driver/Src/stm32f1xx_ll_gpio.o
 .debug_line    0x00002698      0x886 ./Drivers/STM32F1xx_HAL_Driver/Src/stm32f1xx_ll_rcc.o
 .debug_line    0x00002f1e      0x73a ./Drivers/STM32F1xx_HAL_Driver/Src/stm32f1xx_ll_usart.o
 .debug_line    0x00003658      0x986 ./Drivers/STM32F1xx_HAL_Driver/Src/stm32f1xx_ll_utils.o

.debug_str      0x00000000    0x5f814
 .debug_str     0x00000000    0x5dcd1 ./Core/Src/main.o
                              0x5e103 (size before relaxing)
 .debug_str     0x0005dcd1       0xbe ./Core/Src/stm32f1xx_it.o
                              0x59ac4 (size before relaxing)
 .debug_str     0x0005dd8f       0x74 ./Core/Src/system_stm32f1xx.o
                              0x54758 (size before relaxing)
 .debug_str     0x0005de03       0x44 ./Core/Startup/startup_stm32f103c8tx.o
                                 0x7d (size before relaxing)
 .debug_str     0x0005de47      0x3fd ./Drivers/STM32F1xx_HAL_Driver/Src/stm32f1xx_ll_gpio.o
                              0x5609b (size before relaxing)
 .debug_str     0x0005e244      0x327 ./Drivers/STM32F1xx_HAL_Driver/Src/stm32f1xx_ll_rcc.o
                              0x55c22 (size before relaxing)
 .debug_str     0x0005e56b      0x80c ./Drivers/STM32F1xx_HAL_Driver/Src/stm32f1xx_ll_usart.o
                              0x574a3 (size before relaxing)
 .debug_str     0x0005ed77      0xa9d ./Drivers/STM32F1xx_HAL_Driver/Src/stm32f1xx_ll_utils.o
                              0x56917 (size before relaxing)

.comment        0x00000000       0x43
 .comment       0x00000000       0x43 ./Core/Src/main.o
                                 0x44 (size before relaxing)
 .comment       0x00000043       0x44 ./Core/Src/stm32f1xx_it.o
 .comment       0x00000043       0x44 ./Core/Src/system_stm32f1xx.o
 .comment       0x00000043       0x44 ./Drivers/STM32F1xx_HAL_Driver/Src/stm32f1xx_ll_gpio.o
 .comment       0x00000043       0x44 ./Drivers/STM32F1xx_HAL_Driver/Src/stm32f1xx_ll_rcc.o
 .comment       0x00000043       0x44 ./Drivers/STM32F1xx_HAL_Driver/Src/stm32f1xx_ll_usart.o
 .comment       0x00000043       0x44 ./Drivers/STM32F1xx_HAL_Driver/Src/stm32f1xx_ll_utils.o

.debug_frame    0x00000000     0x12ec
 .debug_frame   0x00000000      0x650 ./Core/Src/main.o
 .debug_frame   0x00000650      0x128 ./Core/Src/stm32f1xx_it.o
 .debug_frame   0x00000778       0x58 ./Core/Src/system_stm32f1xx.o
 .debug_frame   0x000007d0      0x170 ./Drivers/STM32F1xx_HAL_Driver/Src/stm32f1xx_ll_gpio.o
 .debug_frame   0x00000940      0x34c ./Drivers/STM32F1xx_HAL_Driver/Src/stm32f1xx_ll_rcc.o
 .debug_frame   0x00000c8c      0x234 ./Drivers/STM32F1xx_HAL_Driver/Src/stm32f1xx_ll_usart.o
 .debug_frame   0x00000ec0      0x400 ./Drivers/STM32F1xx_HAL_Driver/Src/stm32f1xx_ll_utils.o
 .debug_frame   0x000012c0       0x2c F:/STM32CubeIDE/STM32CubeIDE_1.14.1/STM32CubeIDE/plugins/com.st.stm32cube.ide.mcu.externaltools.gnu-tools-for-stm32.12.3.rel1.win32_1.0.200.202406191623/tools/bin/../lib/gcc/arm-none-eabi/12.3.1/../../../../arm-none-eabi/lib/thumb/v7-m/nofp\libc_nano.a(libc_a-init.o)

.debug_line_str
                0x00000000       0x61
 .debug_line_str
                0x00000000       0x61 ./Core/Startup/startup_stm32f103c8tx.o
