../i2c_cmsis_lib/i2c.c:13:6:i2c_I2C1_GPIO_config	4	static
../i2c_cmsis_lib/i2c.c:31:6:i2c_I2C1_config	4	static
../i2c_cmsis_lib/i2c.c:56:6:i2c_I2C1_masterTransmit	32	static
../i2c_cmsis_lib/i2c.c:134:9:DS3231_Read	32	static,ignoring_inline_asm
../i2c_cmsis_lib/i2c.c:283:6:i2c_I2C1_masterTransmit_IT	32	static
../i2c_cmsis_lib/i2c.c:307:6:i2c_I2C1_masterReceive	32	static,ignoring_inline_asm
../i2c_cmsis_lib/i2c.c:586:6:I2C1_masterReceive_IT	32	static
../i2c_cmsis_lib/i2c.c:633:6:receive_handler	8	static
../i2c_cmsis_lib/i2c.c:686:6:error_i2c_handler	8	static
../i2c_cmsis_lib/i2c.c:705:6:i2c_I2C1_isSlaveAddressExist	24	static
