../i2c_cmsis_lib/i2c.c:13:6:i2c_I2C1_GPIO_config	4	static
../i2c_cmsis_lib/i2c.c:31:6:i2c_I2C1_config	4	static
../i2c_cmsis_lib/i2c.c:56:6:i2c_I2C1_masterTransmit	32	static
../i2c_cmsis_lib/i2c.c:136:9:DS3231_Read	24	static,ignoring_inline_asm
../i2c_cmsis_lib/i2c.c:285:6:i2c_I2C1_masterTransmit_IT	32	static
../i2c_cmsis_lib/i2c.c:309:6:i2c_I2C1_masterReceive	32	static,ignoring_inline_asm
../i2c_cmsis_lib/i2c.c:588:6:I2C1_masterReceive_IT	32	static
../i2c_cmsis_lib/i2c.c:635:6:receive_handler	8	static
../i2c_cmsis_lib/i2c.c:688:6:error_i2c_handler	8	static
../i2c_cmsis_lib/i2c.c:707:6:i2c_I2C1_isSlaveAddressExist	24	static
