../Drivers/CMSIS/Include/core_cm3.h:1511:22:__NVIC_EnableIRQ	16	static
../Drivers/STM32F1xx_HAL_Driver/Inc/stm32f1xx_ll_gpio.h:803:22:LL_GPIO_SetOutputPin	16	static
../Drivers/STM32F1xx_HAL_Driver/Inc/stm32f1xx_ll_gpio.h:832:22:LL_GPIO_ResetOutputPin	16	static
../Drivers/STM32F1xx_HAL_Driver/Inc/stm32f1xx_ll_bus.h:761:22:LL_APB2_GRP1_EnableClock	24	static
../Core/Src/main.c:71:5:main	32	static
../Core/Src/main.c:158:6:SystemClock_Config	72	static
../Core/Src/main.c:193:13:MX_GPIO_Init	32	static
../Core/Src/main.c:233:6:i2c_I2C1_GPIO_config	4	static
../Core/Src/main.c:249:6:i2c_I2C1_config	4	static
../Core/Src/main.c:281:6:i2c_I2C1_isSlaveAddressExist	24	static
../Core/Src/main.c:327:6:i2c_I2C1_masterTransmit_IT	24	static
../Core/Src/main.c:355:6:i2c_I2C1_masterReceive	40	static
../Core/Src/main.c:510:6:I2C1_EV_IRQHandler	8	static
../Core/Src/main.c:550:6:i2c_I2C1_masterTransmit	24	static
../Core/Src/main.c:620:6:Error_Handler	4	static,ignoring_inline_asm
